void main ()
{
    int x;
    x=11;
    if ((1==1))
    {
        if (('a'=='a'))
        {
            while ((x==1))
            {
                while ((2==2))
                {
                }
            }
        }
    }    
    else
    {
    }
    print foo(foo(foo(2)));
}

int foo (int x)
{
    return (x+1);
}

