Adding 10 and 12: 22
Calling lots 19
abc_ret dungmodified
Calling strabc {abcdef99}
Calling _foo123
Calling f9_71.0
Calling floater 1001.2
Calling alphaMy B
Calling loopback 
a
b
c
d
Calling isInt true
