void main ()
{
    string foo;
    int i;
    foo="";
    i=(0-10);
}

